[www.kazierfan.com/themes/khamu/khamu/index.html]
[backblue.gif]
[fade.gif]
[index.html]
[www.kazierfan.com/themes/khamu/khamu/images/favicon.png]
[www.kazierfan.com/themes/khamu/khamu/css/style.css]
[www.kazierfan.com/themes/khamu/khamu/css/plugins.css]
[maxcdn.bootstrapcdn.com/font-awesome/4.7.0/css/font-awesome.min.css]
[www.kazierfan.com/themes/khamu/khamu/css/media.css]
[www.kazierfan.com/themes/khamu/khamu/index-2.html]
[www.kazierfan.com/themes/khamu/khamu/images/logo.png]
[www.kazierfan.com/themes/khamu/khamu/index-3.html]
[www.kazierfan.com/themes/khamu/khamu/index-4.html]
[www.kazierfan.com/themes/khamu/khamu/index-5.html]
[www.kazierfan.com/themes/khamu/khamu/about.html]
[www.kazierfan.com/themes/khamu/khamu/about-v2.html]
[www.kazierfan.com/themes/khamu/khamu/team.html]
[www.kazierfan.com/themes/khamu/khamu/services.html]
[www.kazierfan.com/themes/khamu/khamu/portfolio-full-width.html]
[www.kazierfan.com/themes/khamu/khamu/portfolio-2-column.html]
[www.kazierfan.com/themes/khamu/khamu/portfolio-3-column.html]
[www.kazierfan.com/themes/khamu/khamu/portfolio-4-column.html]
[www.kazierfan.com/themes/khamu/khamu/portfolio-grid-masonry.html]
[www.kazierfan.com/themes/khamu/khamu/portfolio-grid.html]
[www.kazierfan.com/themes/khamu/khamu/portfolio-details.html]
[www.kazierfan.com/themes/khamu/khamu/pricing.html]
[www.kazierfan.com/themes/khamu/khamu/blog-grid-no-sidebar.html]
[www.kazierfan.com/themes/khamu/khamu/blog-grid-left-sidebar.html]
[www.kazierfan.com/themes/khamu/khamu/blog-grid-right-sidebar.html]
[www.kazierfan.com/themes/khamu/khamu/blog-list-no-sidebar.html]
[www.kazierfan.com/themes/khamu/khamu/blog-list-left-sidebar.html]
[www.kazierfan.com/themes/khamu/khamu/blog-list-right-sidebar.html]
[www.kazierfan.com/themes/khamu/khamu/blog-post-no-sidebar.html]
[www.kazierfan.com/themes/khamu/khamu/blog-post-left-sidebar.html]
[www.kazierfan.com/themes/khamu/khamu/blog-post-right-sidebar.html]
[www.kazierfan.com/themes/khamu/khamu/contact.html]
[www.kazierfan.com/themes/khamu/khamu/images/close-icon.png]
[www.kazierfan.com/themes/khamu/khamu/images/banner-slide-1.jpg]
[www.kazierfan.com/themes/khamu/khamu/images/banner-slide-2.jpg]
[www.kazierfan.com/themes/khamu/khamu/images/banner-slide-3.jpg]
[www.kazierfan.com/themes/khamu/khamu/images/latest-work-img-01.jpg]
[www.kazierfan.com/themes/khamu/khamu/images/latest-work-img-02.jpg]
[www.kazierfan.com/themes/khamu/khamu/images/latest-work-img-03.jpg]
[www.kazierfan.com/themes/khamu/khamu/images/latest-work-img-04.jpg]
[www.kazierfan.com/themes/khamu/khamu/images/latest-work-img-05.jpg]
[www.kazierfan.com/themes/khamu/khamu/images/latest-work-img-06.jpg]
[www.kazierfan.com/themes/khamu/khamu/images/latest-work-img-07.jpg]
[www.kazierfan.com/themes/khamu/khamu/images/latest-work-img-08.jpg]
[www.kazierfan.com/themes/khamu/khamu/images/latest-work-thumb-01.jpg]
[www.kazierfan.com/themes/khamu/khamu/images/latest-work-thumb-02.jpg]
[www.kazierfan.com/themes/khamu/khamu/images/latest-work-thumb-03.jpg]
[www.kazierfan.com/themes/khamu/khamu/images/latest-work-thumb-04.jpg]
[www.kazierfan.com/themes/khamu/khamu/images/latest-work-thumb-05.jpg]
[www.kazierfan.com/themes/khamu/khamu/images/latest-work-thumb-06.jpg]
[www.kazierfan.com/themes/khamu/khamu/images/latest-work-thumb-07.jpg]
[www.kazierfan.com/themes/khamu/khamu/images/latest-work-thumb-08.jpg]
[www.kazierfan.com/themes/khamu/khamu/images/team-img-001.jpg]
[www.kazierfan.com/themes/khamu/khamu/images/team-img-002.jpg]
[www.kazierfan.com/themes/khamu/khamu/images/team-img-003.jpg]
[www.kazierfan.com/themes/khamu/khamu/images/dribble.jpg]
[www.kazierfan.com/themes/khamu/khamu/images/instagram.jpg]
[www.kazierfan.com/themes/khamu/khamu/images/themeforest.jpg]
[www.kazierfan.com/themes/khamu/khamu/images/woocommerce.jpg]
[www.kazierfan.com/themes/khamu/khamu/images/blogs-bg-image.jpg]
[www.kazierfan.com/themes/khamu/khamu/images/blog-img-big.jpg]
[www.kazierfan.com/themes/khamu/khamu/images/blog-img-02.jpg]
[www.kazierfan.com/themes/khamu/khamu/images/blog-img-03.jpg]
[www.kazierfan.com/themes/khamu/khamu/images/footer-logo.png]
[ajax.googleapis.com/ajax/libs/jquery/1.11.3/jquery.min.js]
[www.kazierfan.com/themes/khamu/khamu/js/custom-google-map.js]
[www.kazierfan.com/themes/khamu/khamu/js/plugins.js]
[www.kazierfan.com/themes/khamu/khamu/index.html]
[www.kazierfan.com/themes/khamu/khamu/js/custom.js]
[www.kazierfan.com/themes/khamu/khamu/fonts/thinline-fonts.eot]
[www.kazierfan.com/themes/khamu/khamu/fonts/thinline-fonts.woff]
[www.kazierfan.com/themes/khamu/khamu/fonts/thinline-fontsd41d.eot]
[www.kazierfan.com/themes/khamu/khamu/fonts/thinline-fonts.ttf]
[www.kazierfan.com/themes/khamu/khamu/css/plugins.css]
[www.kazierfan.com/themes/khamu/khamu/fonts/thinline-fonts.svg]
[www.kazierfan.com/themes/khamu/khamu/css/reset.css]
[www.kazierfan.com/themes/khamu/khamu/images/banner-pattern.png]
[www.kazierfan.com/themes/khamu/khamu/images/inmp-notes-icon.png]
[www.kazierfan.com/themes/khamu/khamu/images/love-icon.png]
[www.kazierfan.com/themes/khamu/khamu/images/graphic-icon.png]
[www.kazierfan.com/themes/khamu/khamu/images/testimonials-bg.jpg]
[www.kazierfan.com/themes/khamu/khamu/images/best-offers-bg.jpg]
[www.kazierfan.com/themes/khamu/khamu/images/contact-info-bg.jpg]
[www.kazierfan.com/themes/khamu/khamu/images/theme-4/buy-khamu-bg.jpg]
[www.kazierfan.com/themes/khamu/khamu/css/style.css]
[maxcdn.bootstrapcdn.com/font-awesome/4.7.0/css/font-awesome.min.css]
[www.kazierfan.com/themes/khamu/khamu/css/media.css]
[www.kazierfan.com/themes/khamu/khamu/index-2.html]
[www.kazierfan.com/themes/khamu/khamu/css/theme-2.css]
[www.kazierfan.com/themes/khamu/khamu/images/theme-2/portfolio-img-1.jpg]
[www.kazierfan.com/themes/khamu/khamu/images/theme-2/portfolio-img-2.jpg]
[www.kazierfan.com/themes/khamu/khamu/images/theme-2/portfolio-img-3.jpg]
[www.kazierfan.com/themes/khamu/khamu/images/theme-2/portfolio-img-4.jpg]
[www.kazierfan.com/themes/khamu/khamu/images/theme-2/portfolio-img-5.jpg]
[www.kazierfan.com/themes/khamu/khamu/images/theme-2/portfolio-img-6.jpg]
[www.kazierfan.com/themes/khamu/khamu/images/theme-2/portfolio-img-7.jpg]
[www.kazierfan.com/themes/khamu/khamu/images/theme-2/portfolio-img-8.jpg]
[www.kazierfan.com/themes/khamu/khamu/images/theme-2/laptop-image.png]
[www.kazierfan.com/themes/khamu/khamu/images/theme-2/our-pricing-back.jpg]
[www.kazierfan.com/themes/khamu/khamu/images/theme-2/photograph-skill-img.jpg]
[www.kazierfan.com/themes/khamu/khamu/index-3.html]
[www.kazierfan.com/themes/khamu/khamu/css/theme-3.css]
[www.kazierfan.com/themes/khamu/khamu/images/theme-3/about-section-back.jpg]
[www.kazierfan.com/themes/khamu/khamu/index-4.html]
[www.kazierfan.com/themes/khamu/khamu/css/theme-4.css]
[www.kazierfan.com/themes/khamu/khamu/index-5.html]
[www.kazierfan.com/themes/khamu/khamu/images/team-hdr-img.jpg]
[www.kazierfan.com/themes/khamu/khamu/images/about-img-01.jpg]
[www.kazierfan.com/themes/khamu/khamu/images/about-img-02.jpg]
[www.kazierfan.com/themes/khamu/khamu/about.html]
[www.kazierfan.com/themes/khamu/khamu/about-v2.html]
[www.kazierfan.com/themes/khamu/khamu/team.html]
[www.kazierfan.com/themes/khamu/khamu/services.html]
[www.kazierfan.com/themes/khamu/khamu/images/masonry-item-01.jpg]
[www.kazierfan.com/themes/khamu/khamu/images/masonry-item-02.jpg]
[www.kazierfan.com/themes/khamu/khamu/portfolio-full-width.html]
[www.kazierfan.com/themes/khamu/khamu/portfolio-2-column.html]
[www.kazierfan.com/themes/khamu/khamu/portfolio-3-column.html]
[www.kazierfan.com/themes/khamu/khamu/portfolio-4-column.html]
[www.kazierfan.com/themes/khamu/khamu/portfolio-grid-masonry.html]
[www.kazierfan.com/themes/khamu/khamu/portfolio-grid.html]
[www.kazierfan.com/themes/khamu/khamu/images/portfolio-details-img.jpg]
[www.kazierfan.com/themes/khamu/khamu/images/more-img-01.jpg]
[www.kazierfan.com/themes/khamu/khamu/images/more-img-02.jpg]
[www.kazierfan.com/themes/khamu/khamu/images/more-img-03.jpg]
[www.kazierfan.com/themes/khamu/khamu/images/more-img-04.jpg]
[www.kazierfan.com/themes/khamu/khamu/portfolio-details.html]
[www.kazierfan.com/themes/khamu/khamu/pricing.html]
[www.kazierfan.com/themes/khamu/khamu/images/blog-img-04.jpg]
[www.kazierfan.com/themes/khamu/khamu/images/blog-img-05.jpg]
[www.kazierfan.com/themes/khamu/khamu/images/blog-img-06.jpg]
[www.kazierfan.com/themes/khamu/khamu/images/blog-img-07.jpg]
[www.kazierfan.com/themes/khamu/khamu/blog-grid-no-sidebar.html]
[www.kazierfan.com/themes/khamu/khamu/images/sidebar-recent-post-thumb.jpg]
[www.kazierfan.com/themes/khamu/khamu/images/sidebar-recent-post-thumb2.jpg]
[www.kazierfan.com/themes/khamu/khamu/images/sidebar-recent-post-thumb3.jpg]
[www.kazierfan.com/themes/khamu/khamu/images/sidebar-recent-post-thumb4.jpg]
[www.kazierfan.com/themes/khamu/khamu/images/sidebar-recent-post-thumb5.jpg]
[www.kazierfan.com/themes/khamu/khamu/images/instagram-feed-thumb-01.jpg]
[www.kazierfan.com/themes/khamu/khamu/images/instagram-feed-thumb-02.jpg]
[www.kazierfan.com/themes/khamu/khamu/images/instagram-feed-thumb-03.jpg]
[www.kazierfan.com/themes/khamu/khamu/images/instagram-feed-thumb-04.jpg]
[www.kazierfan.com/themes/khamu/khamu/images/instagram-feed-thumb-05.jpg]
[www.kazierfan.com/themes/khamu/khamu/images/instagram-feed-thumb-06.jpg]
[www.kazierfan.com/themes/khamu/khamu/blog-grid-left-sidebar.html]
[www.kazierfan.com/themes/khamu/khamu/blog-grid-right-sidebar.html]
[www.kazierfan.com/themes/khamu/khamu/images/blog-single-img-002.jpg]
[www.kazierfan.com/themes/khamu/khamu/blog-list-no-sidebar.html]
[www.kazierfan.com/themes/khamu/khamu/blog-list-left-sidebar.html]
[www.kazierfan.com/themes/khamu/khamu/blog-list-right-sidebar.html]
[www.kazierfan.com/themes/khamu/khamu/images/blog-post-img-1.jpg]
[www.kazierfan.com/themes/khamu/khamu/images/blog-comment-pic.jpg]
[www.kazierfan.com/themes/khamu/khamu/images/blog-comment-pic-2.jpg]
[www.kazierfan.com/themes/khamu/khamu/blog-post-no-sidebar.html]
[www.kazierfan.com/themes/khamu/khamu/blog-post-left-sidebar.html]
[www.kazierfan.com/themes/khamu/khamu/blog-post-right-sidebar.html]
[www.kazierfan.com/themes/khamu/khamu/contact.html]
[www.kazierfan.com/themes/khamu/khamu/js/custom-google-map.js]
[www.kazierfan.com/themes/khamu/khamu/Popover requires tooltip.js]
[www.kazierfan.com/themes/khamu/khamu/js/plugins.js]
[www.kazierfan.com/themes/khamu/khamu/js/custom.js]
[www.kazierfan.com/themes/khamu/khamu/fonts/thinline-fonts.svg]
[www.kazierfan.com/themes/khamu/khamu/css/reset.css]
[www.kazierfan.com/themes/khamu/khamu/css/theme-2.css]
[www.kazierfan.com/themes/khamu/khamu/css/theme-3.css]
[www.kazierfan.com/themes/khamu/khamu/css/theme-4.css]
[www.kazierfan.com/themes/khamu/khamu/Popover requires tooltip.html]
