[creativehedgehog.net/live/html/activation/dark/wide/yellow/index.html]
[backblue.gif]
[fade.gif]
[index.html]
[creativehedgehog.net/live/html/activation/dark/wide/yellow/js/jquery-1.7.1.min.js]
[creativehedgehog.net/live/html/activation/dark/wide/yellow/js/jquery.form.js]
[creativehedgehog.net/live/html/activation/dark/wide/yellow/js/jquery.tweet.js]
[creativehedgehog.net/live/html/activation/dark/wide/yellow/js/easing.js]
[creativehedgehog.net/live/html/activation/dark/wide/yellow/js/jquery.cycle.all.js]
[creativehedgehog.net/live/html/activation/dark/wide/yellow/js/jquery.prettyPhoto.js]
[creativehedgehog.net/live/html/activation/dark/wide/yellow/js/jquery.tools.min.js]
[creativehedgehog.net/live/html/activation/dark/wide/yellow/js/jflickrfeed.min.js]
[creativehedgehog.net/live/html/activation/dark/wide/yellow/js/custom.js]
[creativehedgehog.net/live/html/activation/dark/js/colorpicker.js]
[creativehedgehog.net/live/html/activation/dark/js/options-dark.js]
[creativehedgehog.net/live/html/activation/dark/wide/yellow/index-image-slider.html]
[creativehedgehog.net/live/html/activation/dark/wide/yellow/index-alternate.html]
[creativehedgehog.net/live/html/activation/dark/wide/yellow/index-alternate-2.html]
[creativehedgehog.net/live/html/activation/dark/wide/yellow/index-alternate-3.html]
[creativehedgehog.net/live/html/activation/dark/wide/yellow/about.html]
[creativehedgehog.net/live/html/activation/dark/wide/yellow/portfolio-2.html]
[creativehedgehog.net/live/html/activation/dark/wide/yellow/portfolio-3.html]
[creativehedgehog.net/live/html/activation/dark/wide/yellow/portfolio-4.html]
[creativehedgehog.net/live/html/activation/dark/wide/yellow/portfolio-caption-2.html]
[creativehedgehog.net/live/html/activation/dark/wide/yellow/portfolio-caption-3.html]
[creativehedgehog.net/live/html/activation/dark/wide/yellow/portfolio-caption-4.html]
[creativehedgehog.net/live/html/activation/dark/wide/yellow/portfolio-1-details.html]
[creativehedgehog.net/live/html/activation/dark/wide/yellow/portfolio-2-details.html]
[creativehedgehog.net/live/html/activation/dark/wide/yellow/portfolio-3-details.html]
[creativehedgehog.net/live/html/activation/dark/wide/yellow/portfolio-4-details.html]
[creativehedgehog.net/live/html/activation/dark/wide/yellow/portfolio-filterable.html]
[creativehedgehog.net/live/html/activation/dark/wide/yellow/portfolio-single.html]
[creativehedgehog.net/live/html/activation/dark/wide/yellow/services.html]
[creativehedgehog.net/live/html/activation/dark/wide/yellow/elements.html]
[creativehedgehog.net/live/html/activation/dark/wide/yellow/grid.html]
[creativehedgehog.net/live/html/activation/dark/wide/yellow/404.html]
[creativehedgehog.net/live/html/activation/dark/wide/yellow/blog-single-post.html]
[creativehedgehog.net/live/html/activation/dark/wide/yellow/full-width.html]
[creativehedgehog.net/live/html/activation/dark/wide/yellow/sidebar-left.html]
[creativehedgehog.net/live/html/activation/dark/wide/yellow/blog.html]
[creativehedgehog.net/live/html/activation/dark/wide/yellow/contact.html]
[creativehedgehog.net/live/html/activation/dark/img/sliders/content/slide-1.png]
[creativehedgehog.net/live/html/activation/dark/img/sliders/content/slide-2.png]
[creativehedgehog.net/live/html/activation/dark/img/sliders/content/slide-3.png]
[creativehedgehog.net/live/html/activation/dark/img/sliders/content/slide-4.png]
[creativehedgehog.net/live/html/activation/dark/img/icons/yellow/recycle.png]
[creativehedgehog.net/live/html/activation/dark/img/icons/yellow/graph.png]
[creativehedgehog.net/live/html/activation/dark/img/icons/yellow/arrows.png]
[creativehedgehog.net/live/html/activation/dark/img/icons/yellow/badge-cross.png]
[creativehedgehog.net/live/html/activation/dark/img/portfolio/large/001.jpg]
[creativehedgehog.net/live/html/activation/dark/img/portfolio/gallery-type-2/4003.jpg]
[creativehedgehog.net/live/html/activation/dark/img/portfolio/gallery-type-2/4002.jpg]
[creativehedgehog.net/live/html/activation/dark/img/portfolio/gallery-type-2/4001.jpg]
[creativehedgehog.net/live/html/activation/dark/img/icons/yellow/glitter.png]
[creativehedgehog.net/live/html/activation/dark/img/icons/yellow/pencil.png]
[creativehedgehog.net/live/html/activation/dark/img/icons/yellow/star.png]
[creativehedgehog.net/live/html/activation/dark/img/icons/yellow/comment-bold.png]
[creativehedgehog.net/live/html/activation/dark/wide/yellow/index.html]
[creativehedgehog.net/live/html/activation/dark/wide/yellow/css/fonts/BebasNeue-webfont.eot]
[creativehedgehog.net/live/html/activation/dark/wide/yellow/css/fonts/BebasNeue-webfont.woff]
[creativehedgehog.net/live/html/activation/dark/wide/yellow/css/fonts/BebasNeue-webfont.ttf]
[creativehedgehog.net/live/html/activation/dark/wide/yellow/img/quotes.png]
[creativehedgehog.net/live/html/activation/dark/wide/yellow/img/box-disc.png]
[creativehedgehog.net/live/html/activation/dark/wide/yellow/img/backgrounds/pattern-cross.png]
[creativehedgehog.net/live/html/activation/dark/wide/yellow/img/brush-logo.png]
[creativehedgehog.net/live/html/activation/dark/wide/yellow/img/slider-nav.png]
[creativehedgehog.net/live/html/activation/dark/wide/yellow/img/bullets/check.png]
[creativehedgehog.net/live/html/activation/dark/wide/yellow/img/bullets/crossed.png]
[creativehedgehog.net/live/html/activation/dark/wide/yellow/img/bullets/arrow-light.png]
[creativehedgehog.net/live/html/activation/dark/wide/yellow/img/scroll-top.png]
[creativehedgehog.net/live/html/activation/dark/wide/yellow/img/backgrounds/pattern-cross-2.png]
[creativehedgehog.net/live/html/activation/dark/wide/yellow/img/twitter.png]
[creativehedgehog.net/live/html/activation/dark/wide/yellow/img/social/facebook.png]
[creativehedgehog.net/live/html/activation/dark/wide/yellow/img/social/blogger.png]
[creativehedgehog.net/live/html/activation/dark/wide/yellow/img/social/delicious.png]
[creativehedgehog.net/live/html/activation/dark/wide/yellow/img/social/deviant.png]
[creativehedgehog.net/live/html/activation/dark/wide/yellow/img/social/digg.png]
[creativehedgehog.net/live/html/activation/dark/wide/yellow/img/social/dribbble.png]
[creativehedgehog.net/live/html/activation/dark/wide/yellow/img/social/flickr.png]
[creativehedgehog.net/live/html/activation/dark/wide/yellow/img/social/google.png]
[creativehedgehog.net/live/html/activation/dark/wide/yellow/img/social/forrst.png]
[creativehedgehog.net/live/html/activation/dark/wide/yellow/img/social/lastfm.png]
[creativehedgehog.net/live/html/activation/dark/wide/yellow/img/social/linkedin.png]
[creativehedgehog.net/live/html/activation/dark/wide/yellow/img/social/rss.png]
[creativehedgehog.net/live/html/activation/dark/wide/yellow/img/social/skype.png]
[creativehedgehog.net/live/html/activation/dark/wide/yellow/img/social/stumble.png]
[creativehedgehog.net/live/html/activation/dark/wide/yellow/img/social/technocrati.png]
[creativehedgehog.net/live/html/activation/dark/wide/yellow/img/social/tumblr.png]
[creativehedgehog.net/live/html/activation/dark/wide/yellow/img/social/twitter.png]
[creativehedgehog.net/live/html/activation/dark/wide/yellow/img/social/vimeo.png]
[creativehedgehog.net/live/html/activation/dark/wide/yellow/img/social/yahoo.png]
[creativehedgehog.net/live/html/activation/dark/wide/yellow/img/social/youtube.png]
[creativehedgehog.net/live/html/activation/dark/wide/yellow/img/search.png]
[creativehedgehog.net/live/html/activation/dark/wide/yellow/img/sidebar-header.png]
[creativehedgehog.net/live/html/activation/dark/wide/yellow/img/portfolio/gallery/overlay/play-2.png]
[creativehedgehog.net/live/html/activation/dark/wide/yellow/img/portfolio/gallery/overlay/zoom-2.png]
[creativehedgehog.net/live/html/activation/dark/wide/yellow/img/portfolio/gallery/overlay/link-2.png]
[creativehedgehog.net/live/html/activation/dark/wide/yellow/img/portfolio/gallery/overlay/play-3.png]
[creativehedgehog.net/live/html/activation/dark/wide/yellow/img/portfolio/gallery/overlay/zoom-3.png]
[creativehedgehog.net/live/html/activation/dark/wide/yellow/img/portfolio/gallery/overlay/link-3.png]
[creativehedgehog.net/live/html/activation/dark/wide/yellow/img/portfolio/gallery/overlay/play-4.png]
[creativehedgehog.net/live/html/activation/dark/wide/yellow/img/portfolio/gallery/overlay/zoom-4.png]
[creativehedgehog.net/live/html/activation/dark/wide/yellow/img/portfolio/gallery/overlay/link-4.png]
[creativehedgehog.net/live/html/activation/dark/wide/yellow/img/portfolio/gallery/overlay/play-1.png]
[creativehedgehog.net/live/html/activation/dark/wide/yellow/img/portfolio/gallery/overlay/zoom-1.png]
[creativehedgehog.net/live/html/activation/dark/wide/yellow/img/portfolio/gallery/overlay/link-1.png]
[creativehedgehog.net/live/html/activation/dark/wide/yellow/img/plus-dark.png]
[creativehedgehog.net/live/html/activation/dark/wide/yellow/img/toggle.png]
[creativehedgehog.net/live/html/activation/dark/wide/yellow/css/style-wide.css]
[creativehedgehog.net/live/html/activation/dark/wide/yellow/img/prettyPhoto/light_rounded/sprite.png]
[creativehedgehog.net/live/html/activation/dark/wide/yellow/img/prettyPhoto/light_rounded/btnNext.png]
[creativehedgehog.net/live/html/activation/dark/wide/yellow/img/prettyPhoto/light_rounded/btnPrevious.png]
[creativehedgehog.net/live/html/activation/dark/wide/yellow/img/prettyPhoto/light_rounded/loader.gif]
[creativehedgehog.net/live/html/activation/dark/wide/yellow/img/prettyPhoto/dark_rounded/sprite.png]
[creativehedgehog.net/live/html/activation/dark/wide/yellow/img/prettyPhoto/dark_rounded/contentPattern.png]
[creativehedgehog.net/live/html/activation/dark/wide/yellow/img/prettyPhoto/dark_rounded/btnNext.png]
[creativehedgehog.net/live/html/activation/dark/wide/yellow/img/prettyPhoto/dark_rounded/btnPrevious.png]
[creativehedgehog.net/live/html/activation/dark/wide/yellow/img/prettyPhoto/dark_rounded/loader.gif]
[creativehedgehog.net/live/html/activation/dark/wide/yellow/img/prettyPhoto/dark_square/contentPattern.png]
[creativehedgehog.net/live/html/activation/dark/wide/yellow/img/prettyPhoto/dark_square/sprite.png]
[creativehedgehog.net/live/html/activation/dark/wide/yellow/img/prettyPhoto/dark_square/btnNext.png]
[creativehedgehog.net/live/html/activation/dark/wide/yellow/img/prettyPhoto/dark_square/btnPrevious.png]
[creativehedgehog.net/live/html/activation/dark/wide/yellow/img/prettyPhoto/light_square/sprite.png]
[creativehedgehog.net/live/html/activation/dark/wide/yellow/img/prettyPhoto/light_square/btnNext.png]
[creativehedgehog.net/live/html/activation/dark/wide/yellow/img/prettyPhoto/light_square/btnPrevious.png]
[creativehedgehog.net/live/html/activation/dark/wide/yellow/img/prettyPhoto/facebook/sprite.png]
[creativehedgehog.net/live/html/activation/dark/wide/yellow/img/prettyPhoto/facebook/contentPatternTop.png]
[creativehedgehog.net/live/html/activation/dark/wide/yellow/img/prettyPhoto/facebook/contentPatternLeft.png]
[creativehedgehog.net/live/html/activation/dark/wide/yellow/img/prettyPhoto/facebook/contentPatternRight.png]
[creativehedgehog.net/live/html/activation/dark/wide/yellow/img/prettyPhoto/facebook/loader.gif]
[creativehedgehog.net/live/html/activation/dark/wide/yellow/img/prettyPhoto/facebook/btnNext.png]
[creativehedgehog.net/live/html/activation/dark/wide/yellow/img/prettyPhoto/facebook/btnPrevious.png]
[creativehedgehog.net/live/html/activation/dark/wide/yellow/img/prettyPhoto/facebook/contentPatternBottom.png]
[creativehedgehog.net/live/html/activation/dark/wide/yellow/css/prettyPhoto.css]
[creativehedgehog.net/live/html/activation/dark/img/colorpicker/colorpicker_background.png]
[creativehedgehog.net/live/html/activation/dark/img/colorpicker/colorpicker_overlay.png]
[creativehedgehog.net/live/html/activation/dark/img/colorpicker/colorpicker_select.gif]
[creativehedgehog.net/live/html/activation/dark/img/colorpicker/colorpicker_indic.gif]
[creativehedgehog.net/live/html/activation/dark/img/colorpicker/colorpicker_hex.png]
[creativehedgehog.net/live/html/activation/dark/img/colorpicker/colorpicker_rgb_r.png]
[creativehedgehog.net/live/html/activation/dark/img/colorpicker/colorpicker_rgb_g.png]
[creativehedgehog.net/live/html/activation/dark/img/colorpicker/colorpicker_rgb_b.png]
[creativehedgehog.net/live/html/activation/dark/img/colorpicker/colorpicker_hsb_h.png]
[creativehedgehog.net/live/html/activation/dark/img/colorpicker/colorpicker_hsb_s.png]
[creativehedgehog.net/live/html/activation/dark/img/colorpicker/colorpicker_hsb_b.png]
[creativehedgehog.net/live/html/activation/dark/img/colorpicker/colorpicker_submit.png]
[creativehedgehog.net/live/html/activation/dark/css/colorpicker.css]
[creativehedgehog.net/live/html/activation/dark/img/option/config-2.png]
[creativehedgehog.net/live/html/activation/dark/css/layout-wide.css]
[creativehedgehog.net/live/html/activation/dark/img/slide-2.jpg]
[creativehedgehog.net/live/html/activation/dark/img/slide-1.jpg]
[creativehedgehog.net/live/html/activation/dark/img/slide-3.jpg]
[creativehedgehog.net/live/html/activation/dark/img/slide-4.jpg]
[creativehedgehog.net/live/html/activation/dark/wide/yellow/index-image-slider.html]
[creativehedgehog.net/live/html/activation/dark/img/portfolio/gallery/4004.jpg]
[creativehedgehog.net/live/html/activation/dark/img/portfolio/gallery/4006.jpg]
[creativehedgehog.net/live/html/activation/dark/img/portfolio/gallery/4005.jpg]
[creativehedgehog.net/live/html/activation/dark/wide/yellow/index-alternate.html]
[creativehedgehog.net/live/html/activation/dark/img/sliders/classic/slide-1.jpg]
[creativehedgehog.net/live/html/activation/dark/img/sliders/classic/slide-2.jpg]
[creativehedgehog.net/live/html/activation/dark/img/icons/yellow/speaker.png]
[creativehedgehog.net/live/html/activation/dark/img/icons/yellow/home.png]
[creativehedgehog.net/live/html/activation/dark/img/icons/yellow/cart.png]
[creativehedgehog.net/live/html/activation/dark/img/icons/yellow/folder.png]
[creativehedgehog.net/live/html/activation/dark/img/icons/yellow/cup.png]
[creativehedgehog.net/live/html/activation/dark/img/portfolio/gallery/4007.jpg]
[creativehedgehog.net/live/html/activation/dark/wide/yellow/index-alternate-2.html]
[creativehedgehog.net/live/html/activation/dark/img/icons/yellow/block.png]
[creativehedgehog.net/live/html/activation/dark/wide/yellow/index-alternate-3.html]
[creativehedgehog.net/live/html/activation/dark/img/placeholder-1.jpg]
[creativehedgehog.net/live/html/activation/dark/img/placeholder-3.jpg]
[creativehedgehog.net/live/html/activation/dark/img/placeholder-2.jpg]
[creativehedgehog.net/live/html/activation/dark/img/advertisement.jpg]
[creativehedgehog.net/live/html/activation/dark/wide/yellow/about.html]
[creativehedgehog.net/live/html/activation/dark/img/portfolio/gallery/2003.jpg]
[creativehedgehog.net/live/html/activation/dark/img/portfolio/gallery/2002.jpg]
[creativehedgehog.net/live/html/activation/dark/img/portfolio/gallery/2001.jpg]
[creativehedgehog.net/live/html/activation/dark/img/portfolio/gallery/2004.jpg]
[creativehedgehog.net/live/html/activation/dark/wide/yellow/portfolio-2.html]
[creativehedgehog.net/live/html/activation/dark/img/portfolio/gallery/3001.jpg]
[creativehedgehog.net/live/html/activation/dark/img/portfolio/gallery/3005.jpg]
[creativehedgehog.net/live/html/activation/dark/img/portfolio/gallery/3003.jpg]
[creativehedgehog.net/live/html/activation/dark/img/portfolio/gallery/3004.jpg]
[creativehedgehog.net/live/html/activation/dark/img/portfolio/gallery/3002.jpg]
[creativehedgehog.net/live/html/activation/dark/wide/yellow/portfolio-3.html]
[creativehedgehog.net/live/html/activation/dark/img/portfolio/gallery/4001.jpg]
[creativehedgehog.net/live/html/activation/dark/img/portfolio/gallery/4003.jpg]
[creativehedgehog.net/live/html/activation/dark/img/portfolio/gallery/4002.jpg]
[creativehedgehog.net/live/html/activation/dark/img/portfolio/gallery/4008.jpg]
[creativehedgehog.net/live/html/activation/dark/wide/yellow/portfolio-4.html]
[creativehedgehog.net/live/html/activation/dark/img/portfolio/gallery-type-2/2001.jpg]
[creativehedgehog.net/live/html/activation/dark/img/portfolio/gallery-type-2/2002.jpg]
[creativehedgehog.net/live/html/activation/dark/img/portfolio/gallery-type-2/2003.jpg]
[creativehedgehog.net/live/html/activation/dark/img/portfolio/gallery-type-2/2004.jpg]
[creativehedgehog.net/live/html/activation/dark/wide/yellow/portfolio-caption-2.html]
[creativehedgehog.net/live/html/activation/dark/img/portfolio/gallery-type-2/3001.jpg]
[creativehedgehog.net/live/html/activation/dark/img/portfolio/gallery-type-2/3002.jpg]
[creativehedgehog.net/live/html/activation/dark/img/portfolio/gallery-type-2/3003.jpg]
[creativehedgehog.net/live/html/activation/dark/img/portfolio/gallery-type-2/3004.jpg]
[creativehedgehog.net/live/html/activation/dark/img/portfolio/gallery-type-2/3005.jpg]
[creativehedgehog.net/live/html/activation/dark/img/portfolio/gallery-type-2/3006.jpg]
[creativehedgehog.net/live/html/activation/dark/wide/yellow/portfolio-caption-3.html]
[creativehedgehog.net/live/html/activation/dark/img/portfolio/gallery-type-2/4004.jpg]
[creativehedgehog.net/live/html/activation/dark/img/portfolio/gallery-type-2/4005.jpg]
[creativehedgehog.net/live/html/activation/dark/img/portfolio/gallery-type-2/4006.jpg]
[creativehedgehog.net/live/html/activation/dark/wide/yellow/portfolio-caption-4.html]
[creativehedgehog.net/live/html/activation/dark/img/portfolio/gallery/1001.jpg]
[creativehedgehog.net/live/html/activation/dark/img/portfolio/gallery/1002.jpg]
[creativehedgehog.net/live/html/activation/dark/img/portfolio/gallery/1003.jpg]
[creativehedgehog.net/live/html/activation/dark/wide/yellow/portfolio-1-details.html]
[creativehedgehog.net/live/html/activation/dark/wide/yellow/portfolio-2-details.html]
[creativehedgehog.net/live/html/activation/dark/wide/yellow/portfolio-3-details.html]
[creativehedgehog.net/live/html/activation/dark/wide/yellow/portfolio-4-details.html]
[creativehedgehog.net/live/html/activation/dark/wide/yellow/portfolio-filterable.html]
[creativehedgehog.net/live/html/activation/dark/wide/yellow/portfolio-single.html]
[creativehedgehog.net/live/html/activation/dark/wide/yellow/services.html]
[creativehedgehog.net/live/html/activation/dark/wide/yellow/elements.html]
[creativehedgehog.net/live/html/activation/dark/wide/yellow/grid.html]
[creativehedgehog.net/live/html/activation/dark/wide/yellow/404.html]
[creativehedgehog.net/live/html/activation/dark/img/blog/001.jpg]
[creativehedgehog.net/live/html/activation/dark/img/author.jpg]
[creativehedgehog.net/live/html/activation/dark/img/avatar.jpg]
[creativehedgehog.net/live/html/activation/dark/img/footer-post-3.jpg]
[creativehedgehog.net/live/html/activation/dark/img/footer-post.jpg]
[creativehedgehog.net/live/html/activation/dark/img/footer-post-2.jpg]
[creativehedgehog.net/live/html/activation/dark/wide/yellow/blog-single-post.html]
[creativehedgehog.net/live/html/activation/dark/wide/yellow/full-width.html]
[creativehedgehog.net/live/html/activation/dark/wide/yellow/sidebar-left.html]
[creativehedgehog.net/live/html/activation/dark/img/blog/002.jpg]
[creativehedgehog.net/live/html/activation/dark/img/blog/003.jpg]
[creativehedgehog.net/live/html/activation/dark/wide/yellow/blog.html]
[creativehedgehog.net/live/html/activation/dark/wide/yellow/contact.html]
[creativehedgehog.net/live/html/activation/dark/wide/yellow/portfolio-1.html]
[creativehedgehog.net/live/html/activation/dark/wide/yellow/css/fonts/BebasNeue-webfont.svg]
[creativehedgehog.net/live/html/activation/dark/wide/yellow/img/prettyPhoto/facebook/default_thumbnail.html]
[creativehedgehog.net/live/html/activation/dark/wide/yellow/all.html]
[creativehedgehog.net/live/html/activation/dark/wide/yellow/images.html]
[creativehedgehog.net/live/html/activation/dark/wide/yellow/videos.html]
[creativehedgehog.net/live/html/activation/dark/wide/yellow/external.html]
[creativehedgehog.net/live/html/activation/dark/wide/yellow/graphic.html]
[creativehedgehog.net/live/html/activation/dark/wide/yellow/index-content-slider.html]
